{
  "activated_edges": [
    0,
    1,
    2,
    3,
    4,
    5
  ],
  "activated_terminals": [
    "human"
  ],
  "active_goal_hash": "sha256:canonical-scheduler-conformance",
  "alerts": [],
  "artifacts": [
    "/tmp/tau-issue189-1785166987/docs/proofs/tickets/issue-186-canonical-scheduler-conformance-20260727/runs/project-route-join/run/compiled-command-specs/accept/tau-dispatch-command.json",
    "/tmp/tau-issue189-1785166987/docs/proofs/tickets/issue-186-canonical-scheduler-conformance-20260727/runs/project-route-join/run/compiled-command-specs/revise/tau-dispatch-command.json",
    "/tmp/tau-issue189-1785166987/docs/proofs/tickets/issue-186-canonical-scheduler-conformance-20260727/runs/project-route-join/run/compiled-command-specs/router/tau-dispatch-command.json",
    "/tmp/tau-issue189-1785166987/docs/proofs/tickets/issue-186-canonical-scheduler-conformance-20260727/runs/project-route-join/run/dag-agent-registry/accept/AGENTS.md",
    "/tmp/tau-issue189-1785166987/docs/proofs/tickets/issue-186-canonical-scheduler-conformance-20260727/runs/project-route-join/run/dag-agent-registry/join/AGENTS.md",
    "/tmp/tau-issue189-1785166987/docs/proofs/tickets/issue-186-canonical-scheduler-conformance-20260727/runs/project-route-join/run/dag-agent-registry/revise/AGENTS.md",
    "/tmp/tau-issue189-1785166987/docs/proofs/tickets/issue-186-canonical-scheduler-conformance-20260727/runs/project-route-join/run/dag-agent-registry/router/AGENTS.md",
    "/tmp/tau-issue189-1785166987/docs/proofs/tickets/issue-186-canonical-scheduler-conformance-20260727/runs/project-route-join/run/dag-agent-registry/start/AGENTS.md",
    "/tmp/tau-issue189-1785166987/docs/proofs/tickets/issue-186-canonical-scheduler-conformance-20260727/runs/project-route-join/run/dag-progress.json",
    "/tmp/tau-issue189-1785166987/docs/proofs/tickets/issue-186-canonical-scheduler-conformance-20260727/runs/project-route-join/run/dag-run.sqlite3",
    "/tmp/tau-issue189-1785166987/docs/proofs/tickets/issue-186-canonical-scheduler-conformance-20260727/runs/project-route-join/run/environment-manifest.json",
    "/tmp/tau-issue189-1785166987/docs/proofs/tickets/issue-186-canonical-scheduler-conformance-20260727/runs/project-route-join/run/join-decisions/join.json",
    "/tmp/tau-issue189-1785166987/docs/proofs/tickets/issue-186-canonical-scheduler-conformance-20260727/runs/project-route-join/run/ready-queue/accept/attempt-001/dispatch-receipt.json",
    "/tmp/tau-issue189-1785166987/docs/proofs/tickets/issue-186-canonical-scheduler-conformance-20260727/runs/project-route-join/run/ready-queue/accept/attempt-001/runtime/runtime-capture.json",
    "/tmp/tau-issue189-1785166987/docs/proofs/tickets/issue-186-canonical-scheduler-conformance-20260727/runs/project-route-join/run/ready-queue/accept/attempt-001/runtime/runtime-endpoint-lease.json",
    "/tmp/tau-issue189-1785166987/docs/proofs/tickets/issue-186-canonical-scheduler-conformance-20260727/runs/project-route-join/run/ready-queue/accept/attempt-001/runtime/runtime-event.json",
    "/tmp/tau-issue189-1785166987/docs/proofs/tickets/issue-186-canonical-scheduler-conformance-20260727/runs/project-route-join/run/ready-queue/accept/attempt-001/runtime/runtime-submit-receipt.json",
    "/tmp/tau-issue189-1785166987/docs/proofs/tickets/issue-186-canonical-scheduler-conformance-20260727/runs/project-route-join/run/ready-queue/revise/attempt-001/dispatch-receipt.json",
    "/tmp/tau-issue189-1785166987/docs/proofs/tickets/issue-186-canonical-scheduler-conformance-20260727/runs/project-route-join/run/ready-queue/revise/attempt-001/runtime/runtime-capture.json",
    "/tmp/tau-issue189-1785166987/docs/proofs/tickets/issue-186-canonical-scheduler-conformance-20260727/runs/project-route-join/run/ready-queue/revise/attempt-001/runtime/runtime-endpoint-lease.json",
    "/tmp/tau-issue189-1785166987/docs/proofs/tickets/issue-186-canonical-scheduler-conformance-20260727/runs/project-route-join/run/ready-queue/revise/attempt-001/runtime/runtime-event.json",
    "/tmp/tau-issue189-1785166987/docs/proofs/tickets/issue-186-canonical-scheduler-conformance-20260727/runs/project-route-join/run/ready-queue/revise/attempt-001/runtime/runtime-submit-receipt.json",
    "/tmp/tau-issue189-1785166987/docs/proofs/tickets/issue-186-canonical-scheduler-conformance-20260727/runs/project-route-join/run/ready-queue/router/attempt-001/dispatch-receipt.json",
    "/tmp/tau-issue189-1785166987/docs/proofs/tickets/issue-186-canonical-scheduler-conformance-20260727/runs/project-route-join/run/ready-queue/router/attempt-001/runtime/runtime-capture.json",
    "/tmp/tau-issue189-1785166987/docs/proofs/tickets/issue-186-canonical-scheduler-conformance-20260727/runs/project-route-join/run/ready-queue/router/attempt-001/runtime/runtime-endpoint-lease.json",
    "/tmp/tau-issue189-1785166987/docs/proofs/tickets/issue-186-canonical-scheduler-conformance-20260727/runs/project-route-join/run/ready-queue/router/attempt-001/runtime/runtime-event.json",
    "/tmp/tau-issue189-1785166987/docs/proofs/tickets/issue-186-canonical-scheduler-conformance-20260727/runs/project-route-join/run/ready-queue/router/attempt-001/runtime/runtime-submit-receipt.json",
    "/tmp/tau-issue189-1785166987/docs/proofs/tickets/issue-186-canonical-scheduler-conformance-20260727/runs/project-route-join/run/route-decisions/router/attempt-001.json",
    "/tmp/tau-issue189-1785166987/docs/proofs/tickets/issue-186-canonical-scheduler-conformance-20260727/runs/project-route-join/run/security-context-receipt.json",
    "/tmp/tau-issue189-1785166987/docs/proofs/tickets/issue-186-canonical-scheduler-conformance-20260727/runs/project-route-join/run/security-context.json",
    "/tmp/tau-issue189-1785166987/docs/proofs/tickets/issue-186-canonical-scheduler-conformance-20260727/runs/project-route-join/run/source-dag-reference.json",
    "/tmp/tau-issue189-1785166987/docs/proofs/tickets/issue-186-canonical-scheduler-conformance-20260727/runs/project-route-join/run/source-dag.json",
    "/tmp/tau-issue189-1785166987/docs/proofs/tickets/issue-186-canonical-scheduler-conformance-20260727/runs/project-route-join/run/terminal-contributions/join/edge-0003.json",
    "/tmp/tau-issue189-1785166987/docs/proofs/tickets/issue-186-canonical-scheduler-conformance-20260727/runs/project-route-join/run/terminal-contributions/join/edge-0004.json"
  ],
  "command_executed": true,
  "command_spec_root": "/tmp/tau-issue189-1785166987/docs/proofs/tickets/issue-186-canonical-scheduler-conformance-20260727/runs/project-route-join/run/compiled-command-specs",
  "contract_path": "/tmp/tau-issue189-1785166987/docs/proofs/tickets/issue-186-canonical-scheduler-conformance-20260727/runs/project-route-join/project-route-join.json",
  "contract_sha256": "sha256:0323c690cd8facd0f9dd381103266c5898c23c4065c0a41d26eafdc821db3f39",
  "course_correction_artifacts": [],
  "dag_id": "canonical-project-route-join",
  "dag_plan_sha256": "sha256:c8111d5fb5eee8a697719e6ebedd3b93476ad881ff35e85c6590b178ffd81ea9",
  "dispatches": [
    {
      "artifacts": [
        "/tmp/tau-issue189-1785166987/docs/proofs/tickets/issue-186-canonical-scheduler-conformance-20260727/runs/project-route-join/run/ready-queue/router/attempt-001/runtime/runtime-capture.json",
        "/tmp/tau-issue189-1785166987/docs/proofs/tickets/issue-186-canonical-scheduler-conformance-20260727/runs/project-route-join/run/ready-queue/router/attempt-001/runtime/runtime-endpoint-lease.json",
        "/tmp/tau-issue189-1785166987/docs/proofs/tickets/issue-186-canonical-scheduler-conformance-20260727/runs/project-route-join/run/ready-queue/router/attempt-001/runtime/runtime-event.json",
        "/tmp/tau-issue189-1785166987/docs/proofs/tickets/issue-186-canonical-scheduler-conformance-20260727/runs/project-route-join/run/ready-queue/router/attempt-001/runtime/runtime-submit-receipt.json"
      ],
      "command_results": [
        {
          "command": [
            "/tmp/tau-issue189-1785166987/.venv/bin/python",
            "-c",
            "import json; print(\"{\\\"schema\\\": \\\"tau.agent_handoff.v1\\\", \\\"github\\\": {\\\"repo\\\": \\\"grahama1970/tau\\\", \\\"target\\\": \\\"canonical-scheduler-conformance\\\"}, \\\"goal\\\": {\\\"goal_id\\\": \\\"canonical-scheduler-conformance\\\", \\\"goal_version\\\": 1, \\\"goal_hash\\\": \\\"sha256:canonical-scheduler-conformance\\\"}, \\\"previous_subagent\\\": \\\"router\\\", \\\"context\\\": {\\\"summary\\\": \\\"router node response.\\\", \\\"artifacts\\\": []}, \\\"result\\\": {\\\"status\\\": \\\"PASS\\\", \\\"summary\\\": \\\"router completed.\\\", \\\"evidence\\\": [{\\\"kind\\\": \\\"creator_artifact\\\", \\\"summary\\\": \\\"Canonical scheduler conformance fixture artifact.\\\"}], \\\"route\\\": \\\"BOTH\\\"}, \\\"rationale\\\": \\\"The DAG contract controls the next route.\\\", \\\"next_agent\\\": {\\\"name\\\": \\\"accept\\\", \\\"executor\\\": \\\"local\\\", \\\"reason\\\": \\\"Continue along the DAG route.\\\"}, \\\"required_evidence\\\": [\\\"creator_artifact\\\"], \\\"stop_condition\\\": \\\"Stop at human.\\\"}\")"
          ],
          "command_spec_path": "/tmp/tau-issue189-1785166987/docs/proofs/tickets/issue-186-canonical-scheduler-conformance-20260727/runs/project-route-join/run/compiled-command-specs/router/tau-dispatch-command.json",
          "command_spec_sha256": "sha256:4ab6406f1695143de8c038786aacd108e16898124e320619cda51bfa5dda66d7",
          "exit_code": 0,
          "runtime_artifacts": [
            "/tmp/tau-issue189-1785166987/docs/proofs/tickets/issue-186-canonical-scheduler-conformance-20260727/runs/project-route-join/run/ready-queue/router/attempt-001/runtime/runtime-endpoint-lease.json",
            "/tmp/tau-issue189-1785166987/docs/proofs/tickets/issue-186-canonical-scheduler-conformance-20260727/runs/project-route-join/run/ready-queue/router/attempt-001/runtime/runtime-submit-receipt.json",
            "/tmp/tau-issue189-1785166987/docs/proofs/tickets/issue-186-canonical-scheduler-conformance-20260727/runs/project-route-join/run/ready-queue/router/attempt-001/runtime/runtime-event.json",
            "/tmp/tau-issue189-1785166987/docs/proofs/tickets/issue-186-canonical-scheduler-conformance-20260727/runs/project-route-join/run/ready-queue/router/attempt-001/runtime/runtime-capture.json"
          ],
          "runtime_backend": "local",
          "runtime_capture": {
            "cancelled": false,
            "command": [
              "/tmp/tau-issue189-1785166987/.venv/bin/python",
              "-c",
              "import json; print(\"{\\\"schema\\\": \\\"tau.agent_handoff.v1\\\", \\\"github\\\": {\\\"repo\\\": \\\"grahama1970/tau\\\", \\\"target\\\": \\\"canonical-scheduler-conformance\\\"}, \\\"goal\\\": {\\\"goal_id\\\": \\\"canonical-scheduler-conformance\\\", \\\"goal_version\\\": 1, \\\"goal_hash\\\": \\\"sha256:canonical-scheduler-conformance\\\"}, \\\"previous_subagent\\\": \\\"router\\\", \\\"context\\\": {\\\"summary\\\": \\\"router node response.\\\", \\\"artifacts\\\": []}, \\\"result\\\": {\\\"status\\\": \\\"PASS\\\", \\\"summary\\\": \\\"router completed.\\\", \\\"evidence\\\": [{\\\"kind\\\": \\\"creator_artifact\\\", \\\"summary\\\": \\\"Canonical scheduler conformance fixture artifact.\\\"}], \\\"route\\\": \\\"BOTH\\\"}, \\\"rationale\\\": \\\"The DAG contract controls the next route.\\\", \\\"next_agent\\\": {\\\"name\\\": \\\"accept\\\", \\\"executor\\\": \\\"local\\\", \\\"reason\\\": \\\"Continue along the DAG route.\\\"}, \\\"required_evidence\\\": [\\\"creator_artifact\\\"], \\\"stop_condition\\\": \\\"Stop at human.\\\"}\")"
            ],
            "returncode": 0,
            "schema": "tau.local_runtime_capture.v1",
            "stderr": "",
            "stdout": "{\"schema\": \"tau.agent_handoff.v1\", \"github\": {\"repo\": \"grahama1970/tau\", \"target\": \"canonical-scheduler-conformance\"}, \"goal\": {\"goal_id\": \"canonical-scheduler-conformance\", \"goal_version\": 1, \"goal_hash\": \"sha256:canonical-scheduler-conformance\"}, \"previous_subagent\": \"router\", \"context\": {\"summary\": \"router node response.\", \"artifacts\": []}, \"result\": {\"status\": \"PASS\", \"summary\": \"router completed.\", \"evidence\": [{\"kind\": \"creator_artifact\", \"summary\": \"Canonical scheduler conformance fixture artifact.\"}], \"route\": \"BOTH\"}, \"rationale\": \"The DAG contract controls the next route.\", \"next_agent\": {\"name\": \"accept\", \"executor\": \"local\", \"reason\": \"Continue along the DAG route.\"}, \"required_evidence\": [\"creator_artifact\"], \"stop_condition\": \"Stop at human.\"}\n",
            "timed_out": false
          },
          "runtime_endpoint_lease": {
            "attempt_id": "attempt-7858d743c33f8bc1320839226ed765a2",
            "attempt_number": 1,
            "backend": "local",
            "backend_ids": {
              "pid": null
            },
            "backend_session_id": null,
            "capabilities_sha256": "sha256:3b6c03b8b255451f806acc948011f2436dea93ca7f161046d477254b54bdb567",
            "cleanup_policy": {
              "kind": "process_group_termination"
            },
            "created_at": "2026-07-27T16:49:16.510909+00:00",
            "dag_id": "canonical-project-route-join",
            "endpoint_id": "local:ece61820e396b5eff2b4e684",
            "execution_token": "sha256:eecfe1cd508e9c8f9f761ec40dedbc7b7bf1002c96e59b69fec7a323025c1459",
            "expires_at": "2026-07-27T16:50:21.510909+00:00",
            "goal_hash": "sha256:3013b32f9c31e643513fe0ed4f028fc5b0985a4811acbf2cbf4c8be6cd992721",
            "heartbeat_policy": {
              "kind": "process_poll"
            },
            "node_id": "router",
            "owner": "tau",
            "plan_revision": "sha256:c8111d5fb5eee8a697719e6ebedd3b93476ad881ff35e85c6590b178ffd81ea9",
            "run_id": "canonical-project-route-join",
            "schema": "tau.runtime_endpoint_lease.v1",
            "scope_id": "canonical-project-route-join",
            "work_order_sha256": "sha256:17f94780ab7b606393e1950031ef0e3b46bc8c15ffe8e429cdc3d27e1d088955"
          },
          "runtime_event": {
            "confidence": "PROCESS",
            "endpoint_lease_sha256": "sha256:59cec8449c02c3b51b355094b16f0452a2aa825663e0322ee71d1d954afbb318",
            "event_id": "local-event:ece61820e396b5eff2b4e684",
            "event_type": "RUNTIME_ENDPOINT_EXITED",
            "liveness": "DEAD",
            "observation": {
              "cancelled": false,
              "returncode": 0,
              "timed_out": false
            },
            "observed_at": "2026-07-27T16:49:16.530029+00:00",
            "run_id": "canonical-project-route-join",
            "schema": "tau.runtime_event.v1",
            "source": "local",
            "state": "EXITED"
          },
          "runtime_submit_receipt": {
            "backend_acknowledgement": {
              "process_started": true,
              "stdin_delivery": "confirmed"
            },
            "composer_state_after": "NOT_APPLICABLE",
            "composer_state_before": "NOT_APPLICABLE",
            "delivery_status": "CONFIRMED",
            "endpoint_lease_sha256": "sha256:59cec8449c02c3b51b355094b16f0452a2aa825663e0322ee71d1d954afbb318",
            "errors": [],
            "provider_execution_status": "NOT_APPLICABLE",
            "schema": "tau.runtime_submit_receipt.v1",
            "submit_attempt_count": 1,
            "text_delivery_count": 1,
            "work_order_sha256": "sha256:17f94780ab7b606393e1950031ef0e3b46bc8c15ffe8e429cdc3d27e1d088955"
          },
          "stderr": "",
          "stdout": "{\"schema\": \"tau.agent_handoff.v1\", \"github\": {\"repo\": \"grahama1970/tau\", \"target\": \"canonical-scheduler-conformance\"}, \"goal\": {\"goal_id\": \"canonical-scheduler-conformance\", \"goal_version\": 1, \"goal_hash\": \"sha256:canonical-scheduler-conformance\"}, \"previous_subagent\": \"router\", \"context\": {\"summary\": \"router node response.\", \"artifacts\": []}, \"result\": {\"status\": \"PASS\", \"summary\": \"router completed.\", \"evidence\": [{\"kind\": \"creator_artifact\", \"summary\": \"Canonical scheduler conformance fixture artifact.\"}], \"route\": \"BOTH\"}, \"rationale\": \"The DAG contract controls the next route.\", \"next_agent\": {\"name\": \"accept\", \"executor\": \"local\", \"reason\": \"Continue along the DAG route.\"}, \"required_evidence\": [\"creator_artifact\"], \"stop_condition\": \"Stop at human.\"}\n",
          "timed_out": false,
          "timeout_s": 5.0,
          "timeout_s_source": "command_spec"
        }
      ],
      "errors": [],
      "live": true,
      "mocked": false,
      "ok": true,
      "receipt_dir": null,
      "response_projection": {
        "comment": {
          "body": "## Tau Agent Handoff\n\n- Result: `PASS`\n- Summary: router completed.\n- Next agent: `accept`\n- Executor: `local`\n- Stop condition: Stop at human.\n\n<!-- tau-agent-handoff:v1 -->\n```json\n{\n  \"context\": {\n    \"artifacts\": [],\n    \"summary\": \"router node response.\"\n  },\n  \"github\": {\n    \"repo\": \"grahama1970/tau\",\n    \"target\": \"canonical-scheduler-conformance\"\n  },\n  \"goal\": {\n    \"goal_hash\": \"sha256:canonical-scheduler-conformance\",\n    \"goal_id\": \"canonical-scheduler-conformance\",\n    \"goal_version\": 1\n  },\n  \"next_agent\": {\n    \"executor\": \"local\",\n    \"name\": \"accept\",\n    \"reason\": \"Continue along the DAG route.\"\n  },\n  \"previous_subagent\": \"router\",\n  \"rationale\": \"The DAG contract controls the next route.\",\n  \"required_evidence\": [\n    \"creator_artifact\"\n  ],\n  \"result\": {\n    \"evidence\": [\n      {\n        \"kind\": \"creator_artifact\",\n        \"summary\": \"Canonical scheduler conformance fixture artifact.\"\n      }\n    ],\n    \"route\": \"BOTH\",\n    \"status\": \"PASS\",\n    \"summary\": \"router completed.\"\n  },\n  \"schema\": \"tau.agent_handoff.v1\",\n  \"stop_condition\": \"Stop at human.\"\n}\n```\n"
        },
        "dry_run": true,
        "errors": [],
        "labels": {
          "add": [
            "agent-work",
            "next:accept",
            "executor:local"
          ],
          "remove": []
        },
        "next_agent": "accept",
        "ok": true,
        "schema": "tau.agent_handoff_projection_receipt.v1",
        "target": {
          "repo": "grahama1970/tau",
          "target": "canonical-scheduler-conformance"
        }
      },
      "runner": "command",
      "schema": "tau.agent_handoff_dispatch_receipt.v1",
      "selected_agent": "router",
      "start_projection": {
        "comment": {
          "body": "## Tau Agent Handoff\n\n- Result: `DAG_NODE_READY`\n- Summary: Dependencies are satisfied for DAG node router.\n- Next agent: `router`\n- Executor: `local`\n- Stop condition: Stop at a terminal DAG node or any fail-closed invariant violation.\n\n<!-- tau-agent-handoff:v1 -->\n```json\n{\n  \"context\": {\n    \"artifacts\": [\n      \"/tmp/tau-issue189-1785166987/docs/proofs/tickets/issue-186-canonical-scheduler-conformance-20260727/runs/project-route-join/project-route-join.json\"\n    ],\n    \"dag_agent_role\": \"router\",\n    \"dag_node_id\": \"router\",\n    \"summary\": \"Dispatch ready DAG node router.\",\n    \"tau_dag_node\": {\n      \"agent\": \"router\",\n      \"dag_id\": \"canonical-project-route-join\",\n      \"executor\": \"local\",\n      \"goal\": {\n        \"goal_hash\": \"sha256:canonical-scheduler-conformance\",\n        \"goal_id\": \"canonical-scheduler-conformance\",\n        \"goal_version\": 1\n      },\n      \"node_id\": \"router\",\n      \"required_evidence\": [\n        \"creator_artifact\"\n      ],\n      \"target\": {\n        \"repo\": \"grahama1970/tau\",\n        \"target\": \"canonical-scheduler-conformance\"\n      }\n    }\n  },\n  \"github\": {\n    \"repo\": \"grahama1970/tau\",\n    \"target\": \"canonical-scheduler-conformance\"\n  },\n  \"goal\": {\n    \"goal_hash\": \"sha256:canonical-scheduler-conformance\",\n    \"goal_id\": \"canonical-scheduler-conformance\",\n    \"goal_version\": 1\n  },\n  \"next_agent\": {\n    \"executor\": \"local\",\n    \"name\": \"router\",\n    \"reason\": \"Ready DAG node router in canonical-project-route-join.\"\n  },\n  \"previous_subagent\": \"human\",\n  \"rationale\": \"The DAG contract is the authoritative workflow and immutable goal boundary.\",\n  \"required_evidence\": [\n    \"creator_artifact\"\n  ],\n  \"result\": {\n    \"evidence\": [\n      {\n        \"kind\": \"dag_contract\",\n        \"path\": \"/tmp/tau-issue189-1785166987/docs/proofs/tickets/issue-186-canonical-scheduler-conformance-20260727/runs/project-route-join/project-route-join.json\",\n        \"schema\": \"tau.dag_contract.v1\",\n        \"sha256\": \"sha256:0323c690cd8facd0f9dd381103266c5898c23c4065c0a41d26eafdc821db3f39\"\n      }\n    ],\n    \"status\": \"DAG_NODE_READY\",\n    \"summary\": \"Dependencies are satisfied for DAG node router.\"\n  },\n  \"schema\": \"tau.agent_handoff.v1\",\n  \"stop_condition\": \"Stop at a terminal DAG node or any fail-closed invariant violation.\"\n}\n```\n"
        },
        "dry_run": true,
        "errors": [],
        "labels": {
          "add": [
            "agent-work",
            "next:router",
            "executor:local"
          ],
          "remove": []
        },
        "next_agent": "router",
        "ok": true,
        "schema": "tau.agent_handoff_projection_receipt.v1",
        "target": {
          "repo": "grahama1970/tau",
          "target": "canonical-scheduler-conformance"
        }
      },
      "status": "COMPLETED",
      "stop_reason": "response_consumed"
    },
    {
      "artifacts": [
        "/tmp/tau-issue189-1785166987/docs/proofs/tickets/issue-186-canonical-scheduler-conformance-20260727/runs/project-route-join/run/ready-queue/accept/attempt-001/runtime/runtime-capture.json",
        "/tmp/tau-issue189-1785166987/docs/proofs/tickets/issue-186-canonical-scheduler-conformance-20260727/runs/project-route-join/run/ready-queue/accept/attempt-001/runtime/runtime-endpoint-lease.json",
        "/tmp/tau-issue189-1785166987/docs/proofs/tickets/issue-186-canonical-scheduler-conformance-20260727/runs/project-route-join/run/ready-queue/accept/attempt-001/runtime/runtime-event.json",
        "/tmp/tau-issue189-1785166987/docs/proofs/tickets/issue-186-canonical-scheduler-conformance-20260727/runs/project-route-join/run/ready-queue/accept/attempt-001/runtime/runtime-submit-receipt.json"
      ],
      "command_results": [
        {
          "command": [
            "/tmp/tau-issue189-1785166987/.venv/bin/python",
            "-c",
            "import json; print(\"{\\\"schema\\\": \\\"tau.agent_handoff.v1\\\", \\\"github\\\": {\\\"repo\\\": \\\"grahama1970/tau\\\", \\\"target\\\": \\\"canonical-scheduler-conformance\\\"}, \\\"goal\\\": {\\\"goal_id\\\": \\\"canonical-scheduler-conformance\\\", \\\"goal_version\\\": 1, \\\"goal_hash\\\": \\\"sha256:canonical-scheduler-conformance\\\"}, \\\"previous_subagent\\\": \\\"accept\\\", \\\"context\\\": {\\\"summary\\\": \\\"accept node response.\\\", \\\"artifacts\\\": []}, \\\"result\\\": {\\\"status\\\": \\\"PASS\\\", \\\"summary\\\": \\\"accept completed.\\\", \\\"evidence\\\": [{\\\"kind\\\": \\\"creator_artifact\\\", \\\"summary\\\": \\\"Canonical scheduler conformance fixture artifact.\\\"}]}, \\\"rationale\\\": \\\"The DAG contract controls the next route.\\\", \\\"next_agent\\\": {\\\"name\\\": \\\"join\\\", \\\"executor\\\": \\\"local\\\", \\\"reason\\\": \\\"Continue along the DAG route.\\\"}, \\\"required_evidence\\\": [\\\"creator_artifact\\\"], \\\"stop_condition\\\": \\\"Stop at human.\\\"}\")"
          ],
          "command_spec_path": "/tmp/tau-issue189-1785166987/docs/proofs/tickets/issue-186-canonical-scheduler-conformance-20260727/runs/project-route-join/run/compiled-command-specs/accept/tau-dispatch-command.json",
          "command_spec_sha256": "sha256:788804046427f52c56d5e54904caf6a0a94ae6c4bab1b1b553529d47e2c5ede2",
          "exit_code": 0,
          "runtime_artifacts": [
            "/tmp/tau-issue189-1785166987/docs/proofs/tickets/issue-186-canonical-scheduler-conformance-20260727/runs/project-route-join/run/ready-queue/accept/attempt-001/runtime/runtime-endpoint-lease.json",
            "/tmp/tau-issue189-1785166987/docs/proofs/tickets/issue-186-canonical-scheduler-conformance-20260727/runs/project-route-join/run/ready-queue/accept/attempt-001/runtime/runtime-submit-receipt.json",
            "/tmp/tau-issue189-1785166987/docs/proofs/tickets/issue-186-canonical-scheduler-conformance-20260727/runs/project-route-join/run/ready-queue/accept/attempt-001/runtime/runtime-event.json",
            "/tmp/tau-issue189-1785166987/docs/proofs/tickets/issue-186-canonical-scheduler-conformance-20260727/runs/project-route-join/run/ready-queue/accept/attempt-001/runtime/runtime-capture.json"
          ],
          "runtime_backend": "local",
          "runtime_capture": {
            "cancelled": false,
            "command": [
              "/tmp/tau-issue189-1785166987/.venv/bin/python",
              "-c",
              "import json; print(\"{\\\"schema\\\": \\\"tau.agent_handoff.v1\\\", \\\"github\\\": {\\\"repo\\\": \\\"grahama1970/tau\\\", \\\"target\\\": \\\"canonical-scheduler-conformance\\\"}, \\\"goal\\\": {\\\"goal_id\\\": \\\"canonical-scheduler-conformance\\\", \\\"goal_version\\\": 1, \\\"goal_hash\\\": \\\"sha256:canonical-scheduler-conformance\\\"}, \\\"previous_subagent\\\": \\\"accept\\\", \\\"context\\\": {\\\"summary\\\": \\\"accept node response.\\\", \\\"artifacts\\\": []}, \\\"result\\\": {\\\"status\\\": \\\"PASS\\\", \\\"summary\\\": \\\"accept completed.\\\", \\\"evidence\\\": [{\\\"kind\\\": \\\"creator_artifact\\\", \\\"summary\\\": \\\"Canonical scheduler conformance fixture artifact.\\\"}]}, \\\"rationale\\\": \\\"The DAG contract controls the next route.\\\", \\\"next_agent\\\": {\\\"name\\\": \\\"join\\\", \\\"executor\\\": \\\"local\\\", \\\"reason\\\": \\\"Continue along the DAG route.\\\"}, \\\"required_evidence\\\": [\\\"creator_artifact\\\"], \\\"stop_condition\\\": \\\"Stop at human.\\\"}\")"
            ],
            "returncode": 0,
            "schema": "tau.local_runtime_capture.v1",
            "stderr": "",
            "stdout": "{\"schema\": \"tau.agent_handoff.v1\", \"github\": {\"repo\": \"grahama1970/tau\", \"target\": \"canonical-scheduler-conformance\"}, \"goal\": {\"goal_id\": \"canonical-scheduler-conformance\", \"goal_version\": 1, \"goal_hash\": \"sha256:canonical-scheduler-conformance\"}, \"previous_subagent\": \"accept\", \"context\": {\"summary\": \"accept node response.\", \"artifacts\": []}, \"result\": {\"status\": \"PASS\", \"summary\": \"accept completed.\", \"evidence\": [{\"kind\": \"creator_artifact\", \"summary\": \"Canonical scheduler conformance fixture artifact.\"}]}, \"rationale\": \"The DAG contract controls the next route.\", \"next_agent\": {\"name\": \"join\", \"executor\": \"local\", \"reason\": \"Continue along the DAG route.\"}, \"required_evidence\": [\"creator_artifact\"], \"stop_condition\": \"Stop at human.\"}\n",
            "timed_out": false
          },
          "runtime_endpoint_lease": {
            "attempt_id": "attempt-541ce4d0ab5c72c9f94ef2b78b5c4730",
            "attempt_number": 1,
            "backend": "local",
            "backend_ids": {
              "pid": null
            },
            "backend_session_id": null,
            "capabilities_sha256": "sha256:3b6c03b8b255451f806acc948011f2436dea93ca7f161046d477254b54bdb567",
            "cleanup_policy": {
              "kind": "process_group_termination"
            },
            "created_at": "2026-07-27T16:49:16.555263+00:00",
            "dag_id": "canonical-project-route-join",
            "endpoint_id": "local:472a82d259463e44b97890ef",
            "execution_token": "sha256:6df3a694ae95b12dba6367c9b93d7bc449d551303b90610798778364637b1d3f",
            "expires_at": "2026-07-27T16:50:21.555263+00:00",
            "goal_hash": "sha256:3013b32f9c31e643513fe0ed4f028fc5b0985a4811acbf2cbf4c8be6cd992721",
            "heartbeat_policy": {
              "kind": "process_poll"
            },
            "node_id": "accept",
            "owner": "tau",
            "plan_revision": "sha256:c8111d5fb5eee8a697719e6ebedd3b93476ad881ff35e85c6590b178ffd81ea9",
            "run_id": "canonical-project-route-join",
            "schema": "tau.runtime_endpoint_lease.v1",
            "scope_id": "canonical-project-route-join",
            "work_order_sha256": "sha256:3a31550fd8a5918bb6d11543638c6bc0a1f3d66dcc2dcc3e46292b952a76e822"
          },
          "runtime_event": {
            "confidence": "PROCESS",
            "endpoint_lease_sha256": "sha256:0bfcf4e04c79e41df649b4ce78f73ddecf9d47617de9a1f1137626b9d3596f67",
            "event_id": "local-event:472a82d259463e44b97890ef",
            "event_type": "RUNTIME_ENDPOINT_EXITED",
            "liveness": "DEAD",
            "observation": {
              "cancelled": false,
              "returncode": 0,
              "timed_out": false
            },
            "observed_at": "2026-07-27T16:49:16.574849+00:00",
            "run_id": "canonical-project-route-join",
            "schema": "tau.runtime_event.v1",
            "source": "local",
            "state": "EXITED"
          },
          "runtime_submit_receipt": {
            "backend_acknowledgement": {
              "process_started": true,
              "stdin_delivery": "confirmed"
            },
            "composer_state_after": "NOT_APPLICABLE",
            "composer_state_before": "NOT_APPLICABLE",
            "delivery_status": "CONFIRMED",
            "endpoint_lease_sha256": "sha256:0bfcf4e04c79e41df649b4ce78f73ddecf9d47617de9a1f1137626b9d3596f67",
            "errors": [],
            "provider_execution_status": "NOT_APPLICABLE",
            "schema": "tau.runtime_submit_receipt.v1",
            "submit_attempt_count": 1,
            "text_delivery_count": 1,
            "work_order_sha256": "sha256:3a31550fd8a5918bb6d11543638c6bc0a1f3d66dcc2dcc3e46292b952a76e822"
          },
          "stderr": "",
          "stdout": "{\"schema\": \"tau.agent_handoff.v1\", \"github\": {\"repo\": \"grahama1970/tau\", \"target\": \"canonical-scheduler-conformance\"}, \"goal\": {\"goal_id\": \"canonical-scheduler-conformance\", \"goal_version\": 1, \"goal_hash\": \"sha256:canonical-scheduler-conformance\"}, \"previous_subagent\": \"accept\", \"context\": {\"summary\": \"accept node response.\", \"artifacts\": []}, \"result\": {\"status\": \"PASS\", \"summary\": \"accept completed.\", \"evidence\": [{\"kind\": \"creator_artifact\", \"summary\": \"Canonical scheduler conformance fixture artifact.\"}]}, \"rationale\": \"The DAG contract controls the next route.\", \"next_agent\": {\"name\": \"join\", \"executor\": \"local\", \"reason\": \"Continue along the DAG route.\"}, \"required_evidence\": [\"creator_artifact\"], \"stop_condition\": \"Stop at human.\"}\n",
          "timed_out": false,
          "timeout_s": 5.0,
          "timeout_s_source": "command_spec"
        }
      ],
      "errors": [],
      "live": true,
      "mocked": false,
      "ok": true,
      "receipt_dir": null,
      "response_projection": {
        "comment": {
          "body": "## Tau Agent Handoff\n\n- Result: `PASS`\n- Summary: accept completed.\n- Next agent: `join`\n- Executor: `local`\n- Stop condition: Stop at human.\n\n<!-- tau-agent-handoff:v1 -->\n```json\n{\n  \"context\": {\n    \"artifacts\": [],\n    \"summary\": \"accept node response.\"\n  },\n  \"github\": {\n    \"repo\": \"grahama1970/tau\",\n    \"target\": \"canonical-scheduler-conformance\"\n  },\n  \"goal\": {\n    \"goal_hash\": \"sha256:canonical-scheduler-conformance\",\n    \"goal_id\": \"canonical-scheduler-conformance\",\n    \"goal_version\": 1\n  },\n  \"next_agent\": {\n    \"executor\": \"local\",\n    \"name\": \"join\",\n    \"reason\": \"Continue along the DAG route.\"\n  },\n  \"previous_subagent\": \"accept\",\n  \"rationale\": \"The DAG contract controls the next route.\",\n  \"required_evidence\": [\n    \"creator_artifact\"\n  ],\n  \"result\": {\n    \"evidence\": [\n      {\n        \"kind\": \"creator_artifact\",\n        \"summary\": \"Canonical scheduler conformance fixture artifact.\"\n      }\n    ],\n    \"status\": \"PASS\",\n    \"summary\": \"accept completed.\"\n  },\n  \"schema\": \"tau.agent_handoff.v1\",\n  \"stop_condition\": \"Stop at human.\"\n}\n```\n"
        },
        "dry_run": true,
        "errors": [],
        "labels": {
          "add": [
            "agent-work",
            "next:join",
            "executor:local"
          ],
          "remove": []
        },
        "next_agent": "join",
        "ok": true,
        "schema": "tau.agent_handoff_projection_receipt.v1",
        "target": {
          "repo": "grahama1970/tau",
          "target": "canonical-scheduler-conformance"
        }
      },
      "runner": "command",
      "schema": "tau.agent_handoff_dispatch_receipt.v1",
      "selected_agent": "accept",
      "start_projection": {
        "comment": {
          "body": "## Tau Agent Handoff\n\n- Result: `DAG_NODE_READY`\n- Summary: Dependencies are satisfied for DAG node accept.\n- Next agent: `accept`\n- Executor: `local`\n- Stop condition: Stop at a terminal DAG node or any fail-closed invariant violation.\n\n<!-- tau-agent-handoff:v1 -->\n```json\n{\n  \"context\": {\n    \"artifacts\": [\n      \"/tmp/tau-issue189-1785166987/docs/proofs/tickets/issue-186-canonical-scheduler-conformance-20260727/runs/project-route-join/project-route-join.json\"\n    ],\n    \"dag_agent_role\": \"accept\",\n    \"dag_node_id\": \"accept\",\n    \"summary\": \"Dispatch ready DAG node accept.\",\n    \"tau_dag_node\": {\n      \"agent\": \"accept\",\n      \"dag_id\": \"canonical-project-route-join\",\n      \"executor\": \"local\",\n      \"goal\": {\n        \"goal_hash\": \"sha256:canonical-scheduler-conformance\",\n        \"goal_id\": \"canonical-scheduler-conformance\",\n        \"goal_version\": 1\n      },\n      \"node_id\": \"accept\",\n      \"required_evidence\": [\n        \"creator_artifact\"\n      ],\n      \"target\": {\n        \"repo\": \"grahama1970/tau\",\n        \"target\": \"canonical-scheduler-conformance\"\n      }\n    }\n  },\n  \"github\": {\n    \"repo\": \"grahama1970/tau\",\n    \"target\": \"canonical-scheduler-conformance\"\n  },\n  \"goal\": {\n    \"goal_hash\": \"sha256:canonical-scheduler-conformance\",\n    \"goal_id\": \"canonical-scheduler-conformance\",\n    \"goal_version\": 1\n  },\n  \"next_agent\": {\n    \"executor\": \"local\",\n    \"name\": \"accept\",\n    \"reason\": \"Ready DAG node accept in canonical-project-route-join.\"\n  },\n  \"previous_subagent\": \"human\",\n  \"rationale\": \"The DAG contract is the authoritative workflow and immutable goal boundary.\",\n  \"required_evidence\": [\n    \"creator_artifact\"\n  ],\n  \"result\": {\n    \"evidence\": [\n      {\n        \"kind\": \"dag_contract\",\n        \"path\": \"/tmp/tau-issue189-1785166987/docs/proofs/tickets/issue-186-canonical-scheduler-conformance-20260727/runs/project-route-join/project-route-join.json\",\n        \"schema\": \"tau.dag_contract.v1\",\n        \"sha256\": \"sha256:0323c690cd8facd0f9dd381103266c5898c23c4065c0a41d26eafdc821db3f39\"\n      },\n      {\n        \"kind\": \"creator_artifact\",\n        \"summary\": \"Canonical scheduler conformance fixture artifact.\"\n      }\n    ],\n    \"status\": \"DAG_NODE_READY\",\n    \"summary\": \"Dependencies are satisfied for DAG node accept.\"\n  },\n  \"schema\": \"tau.agent_handoff.v1\",\n  \"stop_condition\": \"Stop at a terminal DAG node or any fail-closed invariant violation.\"\n}\n```\n"
        },
        "dry_run": true,
        "errors": [],
        "labels": {
          "add": [
            "agent-work",
            "next:accept",
            "executor:local"
          ],
          "remove": []
        },
        "next_agent": "accept",
        "ok": true,
        "schema": "tau.agent_handoff_projection_receipt.v1",
        "target": {
          "repo": "grahama1970/tau",
          "target": "canonical-scheduler-conformance"
        }
      },
      "status": "COMPLETED",
      "stop_reason": "response_consumed"
    },
    {
      "artifacts": [
        "/tmp/tau-issue189-1785166987/docs/proofs/tickets/issue-186-canonical-scheduler-conformance-20260727/runs/project-route-join/run/ready-queue/revise/attempt-001/runtime/runtime-capture.json",
        "/tmp/tau-issue189-1785166987/docs/proofs/tickets/issue-186-canonical-scheduler-conformance-20260727/runs/project-route-join/run/ready-queue/revise/attempt-001/runtime/runtime-endpoint-lease.json",
        "/tmp/tau-issue189-1785166987/docs/proofs/tickets/issue-186-canonical-scheduler-conformance-20260727/runs/project-route-join/run/ready-queue/revise/attempt-001/runtime/runtime-event.json",
        "/tmp/tau-issue189-1785166987/docs/proofs/tickets/issue-186-canonical-scheduler-conformance-20260727/runs/project-route-join/run/ready-queue/revise/attempt-001/runtime/runtime-submit-receipt.json"
      ],
      "command_results": [
        {
          "command": [
            "/tmp/tau-issue189-1785166987/.venv/bin/python",
            "-c",
            "import json; print(\"{\\\"schema\\\": \\\"tau.agent_handoff.v1\\\", \\\"github\\\": {\\\"repo\\\": \\\"grahama1970/tau\\\", \\\"target\\\": \\\"canonical-scheduler-conformance\\\"}, \\\"goal\\\": {\\\"goal_id\\\": \\\"canonical-scheduler-conformance\\\", \\\"goal_version\\\": 1, \\\"goal_hash\\\": \\\"sha256:canonical-scheduler-conformance\\\"}, \\\"previous_subagent\\\": \\\"revise\\\", \\\"context\\\": {\\\"summary\\\": \\\"revise node response.\\\", \\\"artifacts\\\": []}, \\\"result\\\": {\\\"status\\\": \\\"PASS\\\", \\\"summary\\\": \\\"revise completed.\\\", \\\"evidence\\\": [{\\\"kind\\\": \\\"creator_artifact\\\", \\\"summary\\\": \\\"Canonical scheduler conformance fixture artifact.\\\"}]}, \\\"rationale\\\": \\\"The DAG contract controls the next route.\\\", \\\"next_agent\\\": {\\\"name\\\": \\\"join\\\", \\\"executor\\\": \\\"local\\\", \\\"reason\\\": \\\"Continue along the DAG route.\\\"}, \\\"required_evidence\\\": [\\\"creator_artifact\\\"], \\\"stop_condition\\\": \\\"Stop at human.\\\"}\")"
          ],
          "command_spec_path": "/tmp/tau-issue189-1785166987/docs/proofs/tickets/issue-186-canonical-scheduler-conformance-20260727/runs/project-route-join/run/compiled-command-specs/revise/tau-dispatch-command.json",
          "command_spec_sha256": "sha256:35704d1b921e2891610a4f13c9abfae1645f0dd5140a95d56bd6047bb2d9c736",
          "exit_code": 0,
          "runtime_artifacts": [
            "/tmp/tau-issue189-1785166987/docs/proofs/tickets/issue-186-canonical-scheduler-conformance-20260727/runs/project-route-join/run/ready-queue/revise/attempt-001/runtime/runtime-endpoint-lease.json",
            "/tmp/tau-issue189-1785166987/docs/proofs/tickets/issue-186-canonical-scheduler-conformance-20260727/runs/project-route-join/run/ready-queue/revise/attempt-001/runtime/runtime-submit-receipt.json",
            "/tmp/tau-issue189-1785166987/docs/proofs/tickets/issue-186-canonical-scheduler-conformance-20260727/runs/project-route-join/run/ready-queue/revise/attempt-001/runtime/runtime-event.json",
            "/tmp/tau-issue189-1785166987/docs/proofs/tickets/issue-186-canonical-scheduler-conformance-20260727/runs/project-route-join/run/ready-queue/revise/attempt-001/runtime/runtime-capture.json"
          ],
          "runtime_backend": "local",
          "runtime_capture": {
            "cancelled": false,
            "command": [
              "/tmp/tau-issue189-1785166987/.venv/bin/python",
              "-c",
              "import json; print(\"{\\\"schema\\\": \\\"tau.agent_handoff.v1\\\", \\\"github\\\": {\\\"repo\\\": \\\"grahama1970/tau\\\", \\\"target\\\": \\\"canonical-scheduler-conformance\\\"}, \\\"goal\\\": {\\\"goal_id\\\": \\\"canonical-scheduler-conformance\\\", \\\"goal_version\\\": 1, \\\"goal_hash\\\": \\\"sha256:canonical-scheduler-conformance\\\"}, \\\"previous_subagent\\\": \\\"revise\\\", \\\"context\\\": {\\\"summary\\\": \\\"revise node response.\\\", \\\"artifacts\\\": []}, \\\"result\\\": {\\\"status\\\": \\\"PASS\\\", \\\"summary\\\": \\\"revise completed.\\\", \\\"evidence\\\": [{\\\"kind\\\": \\\"creator_artifact\\\", \\\"summary\\\": \\\"Canonical scheduler conformance fixture artifact.\\\"}]}, \\\"rationale\\\": \\\"The DAG contract controls the next route.\\\", \\\"next_agent\\\": {\\\"name\\\": \\\"join\\\", \\\"executor\\\": \\\"local\\\", \\\"reason\\\": \\\"Continue along the DAG route.\\\"}, \\\"required_evidence\\\": [\\\"creator_artifact\\\"], \\\"stop_condition\\\": \\\"Stop at human.\\\"}\")"
            ],
            "returncode": 0,
            "schema": "tau.local_runtime_capture.v1",
            "stderr": "",
            "stdout": "{\"schema\": \"tau.agent_handoff.v1\", \"github\": {\"repo\": \"grahama1970/tau\", \"target\": \"canonical-scheduler-conformance\"}, \"goal\": {\"goal_id\": \"canonical-scheduler-conformance\", \"goal_version\": 1, \"goal_hash\": \"sha256:canonical-scheduler-conformance\"}, \"previous_subagent\": \"revise\", \"context\": {\"summary\": \"revise node response.\", \"artifacts\": []}, \"result\": {\"status\": \"PASS\", \"summary\": \"revise completed.\", \"evidence\": [{\"kind\": \"creator_artifact\", \"summary\": \"Canonical scheduler conformance fixture artifact.\"}]}, \"rationale\": \"The DAG contract controls the next route.\", \"next_agent\": {\"name\": \"join\", \"executor\": \"local\", \"reason\": \"Continue along the DAG route.\"}, \"required_evidence\": [\"creator_artifact\"], \"stop_condition\": \"Stop at human.\"}\n",
            "timed_out": false
          },
          "runtime_endpoint_lease": {
            "attempt_id": "attempt-99fa59535f35b067a0264478b618b420",
            "attempt_number": 1,
            "backend": "local",
            "backend_ids": {
              "pid": null
            },
            "backend_session_id": null,
            "capabilities_sha256": "sha256:3b6c03b8b255451f806acc948011f2436dea93ca7f161046d477254b54bdb567",
            "cleanup_policy": {
              "kind": "process_group_termination"
            },
            "created_at": "2026-07-27T16:49:16.560593+00:00",
            "dag_id": "canonical-project-route-join",
            "endpoint_id": "local:e9bbc0af73bffb16279f65a1",
            "execution_token": "sha256:6f4c7b113fcb939c0cbaeca48a3dfe8958e6080930610b267791dd89116d8730",
            "expires_at": "2026-07-27T16:50:21.560593+00:00",
            "goal_hash": "sha256:3013b32f9c31e643513fe0ed4f028fc5b0985a4811acbf2cbf4c8be6cd992721",
            "heartbeat_policy": {
              "kind": "process_poll"
            },
            "node_id": "revise",
            "owner": "tau",
            "plan_revision": "sha256:c8111d5fb5eee8a697719e6ebedd3b93476ad881ff35e85c6590b178ffd81ea9",
            "run_id": "canonical-project-route-join",
            "schema": "tau.runtime_endpoint_lease.v1",
            "scope_id": "canonical-project-route-join",
            "work_order_sha256": "sha256:f6d9c467e4487af23788550fa6a39df5d6128f091f8854a8fef4126691e85ee6"
          },
          "runtime_event": {
            "confidence": "PROCESS",
            "endpoint_lease_sha256": "sha256:a5947089440ae8c366854c8ae713ee9d9e8861bbe69f3055608de03d3eabba20",
            "event_id": "local-event:e9bbc0af73bffb16279f65a1",
            "event_type": "RUNTIME_ENDPOINT_EXITED",
            "liveness": "DEAD",
            "observation": {
              "cancelled": false,
              "returncode": 0,
              "timed_out": false
            },
            "observed_at": "2026-07-27T16:49:16.583045+00:00",
            "run_id": "canonical-project-route-join",
            "schema": "tau.runtime_event.v1",
            "source": "local",
            "state": "EXITED"
          },
          "runtime_submit_receipt": {
            "backend_acknowledgement": {
              "process_started": true,
              "stdin_delivery": "confirmed"
            },
            "composer_state_after": "NOT_APPLICABLE",
            "composer_state_before": "NOT_APPLICABLE",
            "delivery_status": "CONFIRMED",
            "endpoint_lease_sha256": "sha256:a5947089440ae8c366854c8ae713ee9d9e8861bbe69f3055608de03d3eabba20",
            "errors": [],
            "provider_execution_status": "NOT_APPLICABLE",
            "schema": "tau.runtime_submit_receipt.v1",
            "submit_attempt_count": 1,
            "text_delivery_count": 1,
            "work_order_sha256": "sha256:f6d9c467e4487af23788550fa6a39df5d6128f091f8854a8fef4126691e85ee6"
          },
          "stderr": "",
          "stdout": "{\"schema\": \"tau.agent_handoff.v1\", \"github\": {\"repo\": \"grahama1970/tau\", \"target\": \"canonical-scheduler-conformance\"}, \"goal\": {\"goal_id\": \"canonical-scheduler-conformance\", \"goal_version\": 1, \"goal_hash\": \"sha256:canonical-scheduler-conformance\"}, \"previous_subagent\": \"revise\", \"context\": {\"summary\": \"revise node response.\", \"artifacts\": []}, \"result\": {\"status\": \"PASS\", \"summary\": \"revise completed.\", \"evidence\": [{\"kind\": \"creator_artifact\", \"summary\": \"Canonical scheduler conformance fixture artifact.\"}]}, \"rationale\": \"The DAG contract controls the next route.\", \"next_agent\": {\"name\": \"join\", \"executor\": \"local\", \"reason\": \"Continue along the DAG route.\"}, \"required_evidence\": [\"creator_artifact\"], \"stop_condition\": \"Stop at human.\"}\n",
          "timed_out": false,
          "timeout_s": 5.0,
          "timeout_s_source": "command_spec"
        }
      ],
      "errors": [],
      "live": true,
      "mocked": false,
      "ok": true,
      "receipt_dir": null,
      "response_projection": {
        "comment": {
          "body": "## Tau Agent Handoff\n\n- Result: `PASS`\n- Summary: revise completed.\n- Next agent: `join`\n- Executor: `local`\n- Stop condition: Stop at human.\n\n<!-- tau-agent-handoff:v1 -->\n```json\n{\n  \"context\": {\n    \"artifacts\": [],\n    \"summary\": \"revise node response.\"\n  },\n  \"github\": {\n    \"repo\": \"grahama1970/tau\",\n    \"target\": \"canonical-scheduler-conformance\"\n  },\n  \"goal\": {\n    \"goal_hash\": \"sha256:canonical-scheduler-conformance\",\n    \"goal_id\": \"canonical-scheduler-conformance\",\n    \"goal_version\": 1\n  },\n  \"next_agent\": {\n    \"executor\": \"local\",\n    \"name\": \"join\",\n    \"reason\": \"Continue along the DAG route.\"\n  },\n  \"previous_subagent\": \"revise\",\n  \"rationale\": \"The DAG contract controls the next route.\",\n  \"required_evidence\": [\n    \"creator_artifact\"\n  ],\n  \"result\": {\n    \"evidence\": [\n      {\n        \"kind\": \"creator_artifact\",\n        \"summary\": \"Canonical scheduler conformance fixture artifact.\"\n      }\n    ],\n    \"status\": \"PASS\",\n    \"summary\": \"revise completed.\"\n  },\n  \"schema\": \"tau.agent_handoff.v1\",\n  \"stop_condition\": \"Stop at human.\"\n}\n```\n"
        },
        "dry_run": true,
        "errors": [],
        "labels": {
          "add": [
            "agent-work",
            "next:join",
            "executor:local"
          ],
          "remove": []
        },
        "next_agent": "join",
        "ok": true,
        "schema": "tau.agent_handoff_projection_receipt.v1",
        "target": {
          "repo": "grahama1970/tau",
          "target": "canonical-scheduler-conformance"
        }
      },
      "runner": "command",
      "schema": "tau.agent_handoff_dispatch_receipt.v1",
      "selected_agent": "revise",
      "start_projection": {
        "comment": {
          "body": "## Tau Agent Handoff\n\n- Result: `DAG_NODE_READY`\n- Summary: Dependencies are satisfied for DAG node revise.\n- Next agent: `revise`\n- Executor: `local`\n- Stop condition: Stop at a terminal DAG node or any fail-closed invariant violation.\n\n<!-- tau-agent-handoff:v1 -->\n```json\n{\n  \"context\": {\n    \"artifacts\": [\n      \"/tmp/tau-issue189-1785166987/docs/proofs/tickets/issue-186-canonical-scheduler-conformance-20260727/runs/project-route-join/project-route-join.json\"\n    ],\n    \"dag_agent_role\": \"revise\",\n    \"dag_node_id\": \"revise\",\n    \"summary\": \"Dispatch ready DAG node revise.\",\n    \"tau_dag_node\": {\n      \"agent\": \"revise\",\n      \"dag_id\": \"canonical-project-route-join\",\n      \"executor\": \"local\",\n      \"goal\": {\n        \"goal_hash\": \"sha256:canonical-scheduler-conformance\",\n        \"goal_id\": \"canonical-scheduler-conformance\",\n        \"goal_version\": 1\n      },\n      \"node_id\": \"revise\",\n      \"required_evidence\": [\n        \"creator_artifact\"\n      ],\n      \"target\": {\n        \"repo\": \"grahama1970/tau\",\n        \"target\": \"canonical-scheduler-conformance\"\n      }\n    }\n  },\n  \"github\": {\n    \"repo\": \"grahama1970/tau\",\n    \"target\": \"canonical-scheduler-conformance\"\n  },\n  \"goal\": {\n    \"goal_hash\": \"sha256:canonical-scheduler-conformance\",\n    \"goal_id\": \"canonical-scheduler-conformance\",\n    \"goal_version\": 1\n  },\n  \"next_agent\": {\n    \"executor\": \"local\",\n    \"name\": \"revise\",\n    \"reason\": \"Ready DAG node revise in canonical-project-route-join.\"\n  },\n  \"previous_subagent\": \"human\",\n  \"rationale\": \"The DAG contract is the authoritative workflow and immutable goal boundary.\",\n  \"required_evidence\": [\n    \"creator_artifact\"\n  ],\n  \"result\": {\n    \"evidence\": [\n      {\n        \"kind\": \"dag_contract\",\n        \"path\": \"/tmp/tau-issue189-1785166987/docs/proofs/tickets/issue-186-canonical-scheduler-conformance-20260727/runs/project-route-join/project-route-join.json\",\n        \"schema\": \"tau.dag_contract.v1\",\n        \"sha256\": \"sha256:0323c690cd8facd0f9dd381103266c5898c23c4065c0a41d26eafdc821db3f39\"\n      },\n      {\n        \"kind\": \"creator_artifact\",\n        \"summary\": \"Canonical scheduler conformance fixture artifact.\"\n      }\n    ],\n    \"status\": \"DAG_NODE_READY\",\n    \"summary\": \"Dependencies are satisfied for DAG node revise.\"\n  },\n  \"schema\": \"tau.agent_handoff.v1\",\n  \"stop_condition\": \"Stop at a terminal DAG node or any fail-closed invariant violation.\"\n}\n```\n"
        },
        "dry_run": true,
        "errors": [],
        "labels": {
          "add": [
            "agent-work",
            "next:revise",
            "executor:local"
          ],
          "remove": []
        },
        "next_agent": "revise",
        "ok": true,
        "schema": "tau.agent_handoff_projection_receipt.v1",
        "target": {
          "repo": "grahama1970/tau",
          "target": "canonical-scheduler-conformance"
        }
      },
      "status": "COMPLETED",
      "stop_reason": "response_consumed"
    }
  ],
  "durable": true,
  "edge_count": 6,
  "edge_terminal_states": {
    "0": "success",
    "1": "success",
    "2": "success",
    "3": "success",
    "4": "success",
    "5": "success"
  },
  "entry_node": "start",
  "errors": [],
  "execution": "project_agent_dag_plan_ready_queue",
  "execution_seconds": 0.142644,
  "join_decision_receipts": [
    "/tmp/tau-issue189-1785166987/docs/proofs/tickets/issue-186-canonical-scheduler-conformance-20260727/runs/project-route-join/run/join-decisions/join.json"
  ],
  "knowledge_freshness_receipts": [],
  "knowledge_provenance_by_node": {},
  "lease_epoch": 1,
  "live": true,
  "max_concurrency": 2,
  "max_observed_concurrency": 2,
  "max_steps": 6,
  "mocked": false,
  "node_artifacts": {
    "accept": [
      "/tmp/tau-issue189-1785166987/docs/proofs/tickets/issue-186-canonical-scheduler-conformance-20260727/runs/project-route-join/run/ready-queue/accept/attempt-001/dispatch-receipt.json",
      "/tmp/tau-issue189-1785166987/docs/proofs/tickets/issue-186-canonical-scheduler-conformance-20260727/runs/project-route-join/run/ready-queue/accept/attempt-001/runtime/runtime-capture.json",
      "/tmp/tau-issue189-1785166987/docs/proofs/tickets/issue-186-canonical-scheduler-conformance-20260727/runs/project-route-join/run/ready-queue/accept/attempt-001/runtime/runtime-endpoint-lease.json",
      "/tmp/tau-issue189-1785166987/docs/proofs/tickets/issue-186-canonical-scheduler-conformance-20260727/runs/project-route-join/run/ready-queue/accept/attempt-001/runtime/runtime-event.json",
      "/tmp/tau-issue189-1785166987/docs/proofs/tickets/issue-186-canonical-scheduler-conformance-20260727/runs/project-route-join/run/ready-queue/accept/attempt-001/runtime/runtime-submit-receipt.json"
    ],
    "join": [],
    "revise": [
      "/tmp/tau-issue189-1785166987/docs/proofs/tickets/issue-186-canonical-scheduler-conformance-20260727/runs/project-route-join/run/ready-queue/revise/attempt-001/dispatch-receipt.json",
      "/tmp/tau-issue189-1785166987/docs/proofs/tickets/issue-186-canonical-scheduler-conformance-20260727/runs/project-route-join/run/ready-queue/revise/attempt-001/runtime/runtime-capture.json",
      "/tmp/tau-issue189-1785166987/docs/proofs/tickets/issue-186-canonical-scheduler-conformance-20260727/runs/project-route-join/run/ready-queue/revise/attempt-001/runtime/runtime-endpoint-lease.json",
      "/tmp/tau-issue189-1785166987/docs/proofs/tickets/issue-186-canonical-scheduler-conformance-20260727/runs/project-route-join/run/ready-queue/revise/attempt-001/runtime/runtime-event.json",
      "/tmp/tau-issue189-1785166987/docs/proofs/tickets/issue-186-canonical-scheduler-conformance-20260727/runs/project-route-join/run/ready-queue/revise/attempt-001/runtime/runtime-submit-receipt.json"
    ],
    "router": [
      "/tmp/tau-issue189-1785166987/docs/proofs/tickets/issue-186-canonical-scheduler-conformance-20260727/runs/project-route-join/run/ready-queue/router/attempt-001/dispatch-receipt.json",
      "/tmp/tau-issue189-1785166987/docs/proofs/tickets/issue-186-canonical-scheduler-conformance-20260727/runs/project-route-join/run/ready-queue/router/attempt-001/runtime/runtime-capture.json",
      "/tmp/tau-issue189-1785166987/docs/proofs/tickets/issue-186-canonical-scheduler-conformance-20260727/runs/project-route-join/run/ready-queue/router/attempt-001/runtime/runtime-endpoint-lease.json",
      "/tmp/tau-issue189-1785166987/docs/proofs/tickets/issue-186-canonical-scheduler-conformance-20260727/runs/project-route-join/run/ready-queue/router/attempt-001/runtime/runtime-event.json",
      "/tmp/tau-issue189-1785166987/docs/proofs/tickets/issue-186-canonical-scheduler-conformance-20260727/runs/project-route-join/run/ready-queue/router/attempt-001/runtime/runtime-submit-receipt.json"
    ],
    "start": []
  },
  "node_attempts": {
    "accept": 1,
    "revise": 1,
    "router": 1
  },
  "node_count": 5,
  "node_semantic_verdicts": [],
  "node_terminal_states": {
    "accept": "success",
    "join": "success",
    "revise": "success",
    "router": "success",
    "start": "success"
  },
  "observed_edges": [
    {
      "from_agent": "goal-guardian",
      "from_node": "start",
      "to_agent": "router",
      "to_node": "router"
    },
    {
      "from_agent": "router",
      "from_node": "router",
      "to_agent": "accept",
      "to_node": "accept"
    },
    {
      "from_agent": "router",
      "from_node": "router",
      "to_agent": "revise",
      "to_node": "revise"
    },
    {
      "from_agent": "accept",
      "from_node": "accept",
      "to_agent": "join",
      "to_node": "join"
    },
    {
      "from_agent": "revise",
      "from_node": "revise",
      "to_agent": "join",
      "to_node": "join"
    },
    {
      "from_agent": "join",
      "from_node": "join",
      "to_agent": "human",
      "to_node": "human"
    }
  ],
  "ok": true,
  "progress_path": "/tmp/tau-issue189-1785166987/docs/proofs/tickets/issue-186-canonical-scheduler-conformance-20260727/runs/project-route-join/run/dag-progress.json",
  "proof_scope": {
    "does_not_prove": [
      "Provider/model semantic quality.",
      "GitHub mutation or ticket closure.",
      "Mutating branch safety.",
      "Unbounded autonomous operation.",
      "Semantic truth of successful branch results.",
      "Process termination for cancelled join contributions."
    ],
    "live": true,
    "mocked": false,
    "proves": [
      "DAG contract parsed and validated.",
      "Bounded ready-queue scheduler preflight checked unsupported edge conditions, acyclicity, local-only execution, provider branches, and mutating branches.",
      "Ready nodes were dispatched by the bounded ready-queue scheduler.",
      "Independent ready nodes can run concurrently when dependencies are satisfied.",
      "Each dispatched node used the real local command subprocess runner.",
      "Node evidence and reviewer verdicts were checked against the immutable goal hash.",
      "Every declared join input produced an immutable terminal contribution.",
      "Declared join policies were evaluated before successor activation.",
      "Persisted terminal join decisions are hash-bound and replayable."
    ]
  },
  "provider_live": false,
  "replayed_event_count": 2,
  "resolved_sources": [
    "accept",
    "join",
    "revise",
    "router",
    "start"
  ],
  "reviewer_verdicts": [],
  "route_decision_receipts": [
    "/tmp/tau-issue189-1785166987/docs/proofs/tickets/issue-186-canonical-scheduler-conformance-20260727/runs/project-route-join/run/route-decisions/router/attempt-001.json"
  ],
  "run_dir": "/tmp/tau-issue189-1785166987/docs/proofs/tickets/issue-186-canonical-scheduler-conformance-20260727/runs/project-route-join/run",
  "run_store_path": "/tmp/tau-issue189-1785166987/docs/proofs/tickets/issue-186-canonical-scheduler-conformance-20260727/runs/project-route-join/run/dag-run.sqlite3",
  "scheduler": "bounded-ready-queue",
  "scheduler_events": [
    {
      "event": "scheduler_started",
      "plan_id": "project:canonical-project-route-join",
      "ts": "2026-07-27T16:49:16Z"
    },
    {
      "agent": "goal-guardian",
      "event": "virtual_node_completed",
      "node_id": "start",
      "ts": "2026-07-27T16:49:16Z"
    },
    {
      "attempt": 1,
      "event": "node_started",
      "node_id": "start",
      "ts": "2026-07-27T16:49:16Z"
    },
    {
      "attempt": 1,
      "event": "node_completed",
      "node_id": "start",
      "ts": "2026-07-27T16:49:16Z"
    },
    {
      "attempt": 1,
      "event": "node_started",
      "node_id": "router",
      "ts": "2026-07-27T16:49:16Z"
    },
    {
      "attempt": 1,
      "event": "route_decided",
      "node_id": "router",
      "route_decision_receipt": "/tmp/tau-issue189-1785166987/docs/proofs/tickets/issue-186-canonical-scheduler-conformance-20260727/runs/project-route-join/run/route-decisions/router/attempt-001.json",
      "selected_targets": [
        "accept",
        "revise"
      ],
      "status": "PASS",
      "ts": "2026-07-27T16:49:16Z"
    },
    {
      "attempt": 1,
      "event": "node_completed",
      "node_id": "router",
      "ts": "2026-07-27T16:49:16Z"
    },
    {
      "event": "join_deadline_armed",
      "join_node_id": "join",
      "origin": "source_start",
      "source_node_id": "accept",
      "timeout_seconds": 30.0,
      "ts": "2026-07-27T16:49:16Z"
    },
    {
      "attempt": 1,
      "event": "node_started",
      "node_id": "accept",
      "ts": "2026-07-27T16:49:16Z"
    },
    {
      "attempt": 1,
      "event": "node_started",
      "node_id": "revise",
      "ts": "2026-07-27T16:49:16Z"
    },
    {
      "edge_index": 3,
      "event": "terminal_contribution_recorded",
      "join_node_id": "join",
      "receipt": "/tmp/tau-issue189-1785166987/docs/proofs/tickets/issue-186-canonical-scheduler-conformance-20260727/runs/project-route-join/run/terminal-contributions/join/edge-0003.json",
      "source_node_id": "accept",
      "state": "success",
      "ts": "2026-07-27T16:49:16Z"
    },
    {
      "attempt": 1,
      "event": "node_completed",
      "node_id": "accept",
      "ts": "2026-07-27T16:49:16Z"
    },
    {
      "edge_index": 4,
      "event": "terminal_contribution_recorded",
      "join_node_id": "join",
      "receipt": "/tmp/tau-issue189-1785166987/docs/proofs/tickets/issue-186-canonical-scheduler-conformance-20260727/runs/project-route-join/run/terminal-contributions/join/edge-0004.json",
      "source_node_id": "revise",
      "state": "success",
      "ts": "2026-07-27T16:49:16Z"
    },
    {
      "attempt": 1,
      "event": "node_completed",
      "node_id": "revise",
      "ts": "2026-07-27T16:49:16Z"
    },
    {
      "decision": "release",
      "event": "join_decided",
      "join_decision_receipt": "/tmp/tau-issue189-1785166987/docs/proofs/tickets/issue-186-canonical-scheduler-conformance-20260727/runs/project-route-join/run/join-decisions/join.json",
      "join_node_id": "join",
      "reason_code": "join_minimum_success_count_met",
      "ts": "2026-07-27T16:49:16Z"
    },
    {
      "event": "scheduler_finished",
      "plan_id": "project:canonical-project-route-join",
      "status": "PASS",
      "ts": "2026-07-27T16:49:16Z",
      "verdict": "PASS"
    }
  ],
  "schema": "tau.dag_receipt.v1",
  "selected_agents": [
    "router",
    "accept",
    "revise"
  ],
  "status": "PASS",
  "target": {
    "repo": "grahama1970/tau",
    "target": "canonical-scheduler-conformance"
  },
  "terminal_contribution_receipts": [
    "/tmp/tau-issue189-1785166987/docs/proofs/tickets/issue-186-canonical-scheduler-conformance-20260727/runs/project-route-join/run/terminal-contributions/join/edge-0003.json",
    "/tmp/tau-issue189-1785166987/docs/proofs/tickets/issue-186-canonical-scheduler-conformance-20260727/runs/project-route-join/run/terminal-contributions/join/edge-0004.json"
  ],
  "terminal_nodes": [
    "human"
  ],
  "timestamp": "2026-07-27T16:49:16Z",
  "verdict": "PASS"
}
