Tau DAG ladder rung 1 clean-checkout bootstrap
source_repo: /tmp/tau-issue-331-agentic-source
source_branch: watchdog/issue-331
source_commit: 588e5171c28df288dbce75feeaeae4d546bfb1af

[git-clone-clean-checkout]
cwd: /tmp/tau-rung1-clean-b2bw4hd2
argv: git clone --no-local /tmp/tau-issue-331-agentic-source /tmp/tau-rung1-clean-b2bw4hd2/checkout
returncode: 0
stdout: /home/graham/.local/state/project-watchdog/repair-worktrees/tau-331/docs/proofs/acceptance/issue-331-rung-1-clean-checkout/bootstrap/git-clone-clean-checkout.stdout
stderr: /home/graham/.local/state/project-watchdog/repair-worktrees/tau-331/docs/proofs/acceptance/issue-331-rung-1-clean-checkout/bootstrap/git-clone-clean-checkout.stderr

[git-checkout-source-commit]
cwd: /tmp/tau-rung1-clean-b2bw4hd2/checkout
argv: git checkout --quiet 588e5171c28df288dbce75feeaeae4d546bfb1af
returncode: 0
stdout: /home/graham/.local/state/project-watchdog/repair-worktrees/tau-331/docs/proofs/acceptance/issue-331-rung-1-clean-checkout/bootstrap/git-checkout-source-commit.stdout
stderr: /home/graham/.local/state/project-watchdog/repair-worktrees/tau-331/docs/proofs/acceptance/issue-331-rung-1-clean-checkout/bootstrap/git-checkout-source-commit.stderr

[git-status-clean-checkout]
cwd: /tmp/tau-rung1-clean-b2bw4hd2/checkout
argv: git status --porcelain=v1 --untracked-files=all
returncode: 0
stdout: /home/graham/.local/state/project-watchdog/repair-worktrees/tau-331/docs/proofs/acceptance/issue-331-rung-1-clean-checkout/bootstrap/git-status-clean-checkout.stdout
stderr: /home/graham/.local/state/project-watchdog/repair-worktrees/tau-331/docs/proofs/acceptance/issue-331-rung-1-clean-checkout/bootstrap/git-status-clean-checkout.stderr

[tau-workflows-ladder]
cwd: /tmp/tau-rung1-clean-b2bw4hd2/checkout
argv: uv run tau workflows ladder --json
returncode: 0
stdout: /home/graham/.local/state/project-watchdog/repair-worktrees/tau-331/docs/proofs/acceptance/issue-331-rung-1-clean-checkout/bootstrap/tau-workflows-ladder.stdout
stderr: /home/graham/.local/state/project-watchdog/repair-worktrees/tau-331/docs/proofs/acceptance/issue-331-rung-1-clean-checkout/bootstrap/tau-workflows-ladder.stderr

[tau-workflows-run-rung-1]
cwd: /tmp/tau-rung1-clean-b2bw4hd2/checkout
argv: uv run tau workflows run repository-readiness --repo /tmp/tau-rung1-clean-b2bw4hd2/checkout --goal Prove the first canonical Tau DAG rung from a clean checkout. --require-clean --run-dir /home/graham/.local/state/project-watchdog/repair-worktrees/tau-331/docs/proofs/acceptance/issue-331-rung-1-clean-checkout/rung-1-run
returncode: 0
stdout: /home/graham/.local/state/project-watchdog/repair-worktrees/tau-331/docs/proofs/acceptance/issue-331-rung-1-clean-checkout/bootstrap/tau-workflows-run-rung-1.stdout
stderr: /home/graham/.local/state/project-watchdog/repair-worktrees/tau-331/docs/proofs/acceptance/issue-331-rung-1-clean-checkout/bootstrap/tau-workflows-run-rung-1.stderr
