{
  "checkpoint_path": "/tmp/tau-issue189-1785166987/docs/proofs/tickets/issue-186-canonical-scheduler-conformance-20260727T1652Z/runs/map-child-dag/map-run/children/bravo/run/checkpoint.json",
  "completed_node_count": 1,
  "cost_accounting": {
    "budget": {
      "state": "NOT_CONFIGURED"
    },
    "cache_read_tokens": 0,
    "cache_write_tokens": 0,
    "estimated_cost_is_billing_truth": false,
    "estimated_cost_usd": null,
    "input_tokens": 0,
    "output_tokens": 0,
    "schema": "tau.generic_dag_cost_accounting.v1",
    "source": "not_reported",
    "total_tokens": 0
  },
  "current_state_path": "/tmp/tau-issue189-1785166987/docs/proofs/tickets/issue-186-canonical-scheduler-conformance-20260727T1652Z/runs/map-child-dag/map-run/children/bravo/run/current-state.json",
  "dag_plan_sha256": "sha256:933450816ee0ba623d79405358cbb8f4e92efdb3e154acdfc2132951151189a4",
  "diagnostics_log_path": "/tmp/tau-issue189-1785166987/docs/proofs/tickets/issue-186-canonical-scheduler-conformance-20260727T1652Z/runs/map-child-dag/map-run/children/bravo/run/tau-diagnostics.jsonl",
  "durable": true,
  "events_jsonl": "/tmp/tau-issue189-1785166987/docs/proofs/tickets/issue-186-canonical-scheduler-conformance-20260727T1652Z/runs/map-child-dag/map-run/children/bravo/run/events.jsonl",
  "execution": "local_subprocess_receipt_gated_dag",
  "lease_epoch": 1,
  "live": true,
  "max_observed_concurrency": 1,
  "mocked": false,
  "node_count": 1,
  "nodes": [
    {
      "accepted_output": {
        "item_id": "bravo",
        "result": 4,
        "value": 2
      },
      "artifacts": [],
      "attempt": null,
      "attempt_count": 1,
      "command_results": [
        {
          "argv": [
            "/tmp/tau-issue189-1785166987/.venv/bin/python",
            "-c",
            "import json\nfrom pathlib import Path\nreceipt_path = Path(\"/tmp/tau-issue189-1785166987/docs/proofs/tickets/issue-186-canonical-scheduler-conformance-20260727T1652Z/runs/map-child-dag/map-run/children/bravo/receipt.json\")\npayload = json.loads(\"{\\\"schema\\\": \\\"tau.generic_dag_node_receipt.v1\\\", \\\"node_id\\\": \\\"child-bravo\\\", \\\"status\\\": \\\"PASS\\\", \\\"verdict\\\": \\\"PASS\\\", \\\"mocked\\\": false, \\\"live\\\": true, \\\"provider_live\\\": false, \\\"goal_hash\\\": \\\"sha256:canonical-scheduler-conformance\\\", \\\"accepted_output\\\": {\\\"item_id\\\": \\\"bravo\\\", \\\"value\\\": 2, \\\"result\\\": 4}, \\\"artifacts\\\": [], \\\"commands_run\\\": [], \\\"errors\\\": [], \\\"policy_exceptions\\\": [], \\\"handoff_summary\\\": \\\"Processed map item bravo\\\"}\")\nreceipt_path.parent.mkdir(parents=True, exist_ok=True)\nreceipt_path.write_text(\n    json.dumps(payload, indent=2, sort_keys=True) + '\\n',\n    encoding='utf-8',\n)\nprint(json.dumps(payload, sort_keys=True))\n"
          ],
          "elapsed_seconds": 0.03,
          "returncode": 0,
          "runtime_artifacts": [
            "/tmp/tau-issue189-1785166987/docs/proofs/tickets/issue-186-canonical-scheduler-conformance-20260727T1652Z/runs/map-child-dag/map-run/children/bravo/.tau-runtime/child-bravo/attempt-001/runtime-endpoint-lease.json",
            "/tmp/tau-issue189-1785166987/docs/proofs/tickets/issue-186-canonical-scheduler-conformance-20260727T1652Z/runs/map-child-dag/map-run/children/bravo/.tau-runtime/child-bravo/attempt-001/runtime-submit-receipt.json",
            "/tmp/tau-issue189-1785166987/docs/proofs/tickets/issue-186-canonical-scheduler-conformance-20260727T1652Z/runs/map-child-dag/map-run/children/bravo/.tau-runtime/child-bravo/attempt-001/runtime-event.json",
            "/tmp/tau-issue189-1785166987/docs/proofs/tickets/issue-186-canonical-scheduler-conformance-20260727T1652Z/runs/map-child-dag/map-run/children/bravo/.tau-runtime/child-bravo/attempt-001/runtime-capture.json"
          ],
          "runtime_backend": "local",
          "runtime_capture": {
            "cancelled": false,
            "command": [
              "/tmp/tau-issue189-1785166987/.venv/bin/python",
              "-c",
              "import json\nfrom pathlib import Path\nreceipt_path = Path(\"/tmp/tau-issue189-1785166987/docs/proofs/tickets/issue-186-canonical-scheduler-conformance-20260727T1652Z/runs/map-child-dag/map-run/children/bravo/receipt.json\")\npayload = json.loads(\"{\\\"schema\\\": \\\"tau.generic_dag_node_receipt.v1\\\", \\\"node_id\\\": \\\"child-bravo\\\", \\\"status\\\": \\\"PASS\\\", \\\"verdict\\\": \\\"PASS\\\", \\\"mocked\\\": false, \\\"live\\\": true, \\\"provider_live\\\": false, \\\"goal_hash\\\": \\\"sha256:canonical-scheduler-conformance\\\", \\\"accepted_output\\\": {\\\"item_id\\\": \\\"bravo\\\", \\\"value\\\": 2, \\\"result\\\": 4}, \\\"artifacts\\\": [], \\\"commands_run\\\": [], \\\"errors\\\": [], \\\"policy_exceptions\\\": [], \\\"handoff_summary\\\": \\\"Processed map item bravo\\\"}\")\nreceipt_path.parent.mkdir(parents=True, exist_ok=True)\nreceipt_path.write_text(\n    json.dumps(payload, indent=2, sort_keys=True) + '\\n',\n    encoding='utf-8',\n)\nprint(json.dumps(payload, sort_keys=True))\n"
            ],
            "returncode": 0,
            "schema": "tau.local_runtime_capture.v1",
            "stderr": "",
            "stdout": "{\"accepted_output\": {\"item_id\": \"bravo\", \"result\": 4, \"value\": 2}, \"artifacts\": [], \"commands_run\": [], \"errors\": [], \"goal_hash\": \"sha256:canonical-scheduler-conformance\", \"handoff_summary\": \"Processed map item bravo\", \"live\": true, \"mocked\": false, \"node_id\": \"child-bravo\", \"policy_exceptions\": [], \"provider_live\": false, \"schema\": \"tau.generic_dag_node_receipt.v1\", \"status\": \"PASS\", \"verdict\": \"PASS\"}\n",
            "timed_out": false
          },
          "runtime_endpoint_lease": {
            "attempt_id": "attempt-857709257954939f67bbea104ec7a102",
            "attempt_number": 1,
            "backend": "local",
            "backend_ids": {
              "pid": null
            },
            "backend_session_id": null,
            "capabilities_sha256": "sha256:3b6c03b8b255451f806acc948011f2436dea93ca7f161046d477254b54bdb567",
            "cleanup_policy": {
              "kind": "process_group_termination"
            },
            "created_at": "2026-07-27T16:50:29.118222+00:00",
            "dag_id": "generic:child-bravo",
            "endpoint_id": "local:3fda4d9874e52cd913eade6b",
            "execution_token": "[REDACTED]",
            "expires_at": "2026-07-27T16:51:59.118222+00:00",
            "goal_hash": "sha256:3013b32f9c31e643513fe0ed4f028fc5b0985a4811acbf2cbf4c8be6cd992721",
            "heartbeat_policy": {
              "kind": "process_poll"
            },
            "node_id": "child-bravo",
            "owner": "tau",
            "plan_revision": "sha256:933450816ee0ba623d79405358cbb8f4e92efdb3e154acdfc2132951151189a4",
            "run_id": "child-bravo",
            "schema": "tau.runtime_endpoint_lease.v1",
            "scope_id": "child-bravo",
            "work_order_sha256": "sha256:71b60c3e7c3f1d65e7ff9d0f0686b93239479d1409ec435ab5266353551eb89c"
          },
          "runtime_event": {
            "confidence": "PROCESS",
            "endpoint_lease_sha256": "sha256:8a1cc1462ff9b7265299592f2c03efadeb10e5a93dd1e1437f73285e38290a22",
            "event_id": "local-event:3fda4d9874e52cd913eade6b",
            "event_type": "RUNTIME_ENDPOINT_EXITED",
            "liveness": "DEAD",
            "observation": {
              "cancelled": false,
              "returncode": 0,
              "timed_out": false
            },
            "observed_at": "2026-07-27T16:50:29.146038+00:00",
            "run_id": "child-bravo",
            "schema": "tau.runtime_event.v1",
            "source": "local",
            "state": "EXITED"
          },
          "runtime_submit_receipt": {
            "backend_acknowledgement": {
              "process_started": true,
              "stdin_delivery": "not_requested"
            },
            "composer_state_after": "NOT_APPLICABLE",
            "composer_state_before": "NOT_APPLICABLE",
            "delivery_status": "CONFIRMED",
            "endpoint_lease_sha256": "sha256:8a1cc1462ff9b7265299592f2c03efadeb10e5a93dd1e1437f73285e38290a22",
            "errors": [],
            "provider_execution_status": "NOT_APPLICABLE",
            "schema": "tau.runtime_submit_receipt.v1",
            "submit_attempt_count": 1,
            "text_delivery_count": 0,
            "work_order_sha256": "sha256:71b60c3e7c3f1d65e7ff9d0f0686b93239479d1409ec435ab5266353551eb89c"
          },
          "stderr": "",
          "stdout": "{\"accepted_output\": {\"item_id\": \"bravo\", \"result\": 4, \"value\": 2}, \"artifacts\": [], \"commands_run\": [], \"errors\": [], \"goal_hash\": \"sha256:canonical-scheduler-conformance\", \"handoff_summary\": \"Processed map item bravo\", \"live\": true, \"mocked\": false, \"node_id\": \"child-bravo\", \"policy_exceptions\": [], \"provider_live\": false, \"schema\": \"tau.generic_dag_node_receipt.v1\", \"status\": \"PASS\", \"verdict\": \"PASS\"}\n",
          "termination_cause": "exited"
        }
      ],
      "cost_accounting": {
        "cache_read_tokens": 0,
        "cache_write_tokens": 0,
        "estimated_cost_is_billing_truth": false,
        "estimated_cost_usd": null,
        "input_tokens": 0,
        "output_tokens": 0,
        "schema": "tau.generic_dag_cost_accounting.v1",
        "source": "not_reported",
        "total_tokens": 0
      },
      "cost_estimate": null,
      "duration_seconds": 0.03,
      "errors": [],
      "execution_evidence": {
        "command_result_sha256": "sha256:94c7015c35bfcaf09aae270d38f15b8bc63468d411c42f676ee35f04e777e798",
        "kind": "local_subprocess",
        "returncode": 0,
        "runtime_artifact_count": 4,
        "runtime_backend": "local",
        "runtime_event_state": "EXITED",
        "runtime_submit_delivery_status": "CONFIRMED"
      },
      "finished_at": "2026-07-27T16:50:29Z",
      "goal_hash": "sha256:canonical-scheduler-conformance",
      "live": true,
      "mocked": false,
      "node_id": "child-bravo",
      "pane_id": null,
      "provider_live": false,
      "provider_status": null,
      "provider_verdict": null,
      "receipt_path": "/tmp/tau-issue189-1785166987/docs/proofs/tickets/issue-186-canonical-scheduler-conformance-20260727T1652Z/runs/map-child-dag/map-run/children/bravo/receipt.json",
      "resumed": false,
      "role": "child-bravo",
      "scheduler_attempts": [
        {
          "attempt": 1,
          "errors": [],
          "status": "PASS",
          "verdict": "PASS"
        }
      ],
      "started_at": "2026-07-27T16:50:29Z",
      "status": "PASS",
      "terminal_id": null,
      "usage": null,
      "verdict": "PASS",
      "visible_log_path": null,
      "visible_log_sha256": null,
      "work_order_path": null,
      "work_order_sha256": null,
      "workspace_id": null
    }
  ],
  "ok": true,
  "proof_scope": {
    "does_not_prove": [
      "remote Tailscale monitoring",
      "GitHub ticket closure",
      "production repository mutation",
      "live provider CLI execution",
      "Herdr pane visibility"
    ],
    "proves": [
      "Tau can validate a generic DAG spec",
      "Tau can execute local subprocess workers in dependency order",
      "Tau can gate downstream nodes on schema-valid node receipts",
      "Tau can resume from existing valid node receipts",
      "Tau can reject stale work-order receipts when work_order_sha256 no longer matches",
      "Tau can write durable checkpoint and current-state artifacts",
      "Tau can fail closed on timeout, non-zero exit, invalid receipt, or blocked verdict"
    ]
  },
  "provider_live": false,
  "replayed_event_count": 2,
  "resume_requested": false,
  "resume_source": {
    "mode": "spec_path",
    "spec_path": "/tmp/tau-issue189-1785166987/docs/proofs/tickets/issue-186-canonical-scheduler-conformance-20260727T1652Z/runs/map-child-dag/map-run/children/bravo/dag.json"
  },
  "run_dir": "/tmp/tau-issue189-1785166987/docs/proofs/tickets/issue-186-canonical-scheduler-conformance-20260727T1652Z/runs/map-child-dag/map-run/children/bravo/run",
  "run_id": "child-bravo",
  "run_store_path": "/tmp/tau-issue189-1785166987/docs/proofs/tickets/issue-186-canonical-scheduler-conformance-20260727T1652Z/runs/map-child-dag/map-run/children/bravo/run/dag-run.sqlite3",
  "scheduler": "dag_plan_ready_queue",
  "scheduler_run_id": "child-bravo",
  "schema": "tau.generic_dag_run_receipt.v1",
  "spec_path": "/tmp/tau-issue189-1785166987/docs/proofs/tickets/issue-186-canonical-scheduler-conformance-20260727T1652Z/runs/map-child-dag/map-run/children/bravo/dag.json",
  "status": "PASS",
  "timestamp": "2026-07-27T16:50:29Z",
  "verdict": "PASS"
}
