{
  "cost_accounting": {
    "budget": {
      "state": "NOT_CONFIGURED"
    },
    "cache_read_tokens": 0,
    "cache_write_tokens": 0,
    "estimated_cost_is_billing_truth": false,
    "estimated_cost_usd": null,
    "input_tokens": 0,
    "output_tokens": 0,
    "schema": "tau.generic_dag_cost_accounting.v1",
    "source": "not_reported",
    "total_tokens": 0
  },
  "goal": {
    "completion_criteria": [
      "Inspect the exact requested Git repository without mutation.",
      "Apply the requested clean-worktree policy.",
      "Publish a repository-readiness report only after validation passes."
    ],
    "goal_hash": "sha256:cd7899d43453a80b603b68ee9bfc6509b18ee7981f8220d00e84ac2d6a2163f1",
    "goal_id": "repository-readiness:c51f959facff",
    "goal_version": 1,
    "summary": "Prove the first canonical Tau DAG rung from a clean checkout."
  },
  "live": true,
  "mocked": false,
  "ok": true,
  "proof_scope": {
    "does_not_prove": [
      "The repository test suite passes.",
      "Provider or model quality.",
      "Production deployment readiness."
    ],
    "proves": [
      "Tau executed the packaged repository-readiness workflow.",
      "The requested repository inputs and goal are bound into the materialized DAG."
    ]
  },
  "provider_live": false,
  "result": {
    "goal": {
      "goal_hash": "sha256:cd7899d43453a80b603b68ee9bfc6509b18ee7981f8220d00e84ac2d6a2163f1",
      "goal_id": "repository-readiness:c51f959facff",
      "goal_version": 1,
      "summary": "Prove the first canonical Tau DAG rung from a clean checkout."
    },
    "policy": {
      "require_clean": true,
      "validation": "PASS"
    },
    "proof_scope": {
      "does_not_prove": [
        "The repository test suite passes.",
        "The implementation goal is semantically correct.",
        "Provider or model quality.",
        "Production deployment readiness."
      ],
      "proves": [
        "The named repository was inspected with fixed read-only Git commands.",
        "The requested clean-worktree policy passed."
      ]
    },
    "repository": {
      "branch": "",
      "dirty": false,
      "head_sha": "588e5171c28df288dbce75feeaeae4d546bfb1af",
      "path": "/tmp/tau-rung1-clean-b2bw4hd2/checkout"
    },
    "schema": "tau.repository_readiness_report.v1",
    "status": "READY",
    "summary": "Repository is ready for focused work."
  },
  "run_dir": "/home/graham/.local/state/project-watchdog/repair-worktrees/tau-331/docs/proofs/acceptance/issue-331-rung-1-clean-checkout/rung-1-run",
  "run_receipt_path": "/home/graham/.local/state/project-watchdog/repair-worktrees/tau-331/docs/proofs/acceptance/issue-331-rung-1-clean-checkout/rung-1-run/run-receipt.json",
  "schema": "tau.workflow_run_receipt.v1",
  "source_dag_path": "/home/graham/.local/state/project-watchdog/repair-worktrees/tau-331/docs/proofs/acceptance/issue-331-rung-1-clean-checkout/rung-1-run/workflow/dag.json",
  "status": "PASS",
  "viewer": {
    "command": [
      "tau",
      "dag-view",
      "--run-dir",
      "/home/graham/.local/state/project-watchdog/repair-worktrees/tau-331/docs/proofs/acceptance/issue-331-rung-1-clean-checkout/rung-1-run"
    ],
    "url": null
  },
  "workflow_id": "repository-readiness",
  "workflow_version": 1
}
